[wordpressboss.com/cp/wize-demo/index.html]
[backblue.gif]
[fade.gif]
[index.html]
[wordpressboss.com/cp/wize-demo/assets/images/favicon.png]
[wordpressboss.com/cp/wize-demo/assets/css/bootstrap.min.css]
[wordpressboss.com/cp/wize-demo/assets/fonts/remixicon.css]
[wordpressboss.com/cp/wize-demo/assets/css/magnific-popup.css]
[wordpressboss.com/cp/wize-demo/assets/css/nice-select.min.css]
[wordpressboss.com/cp/wize-demo/assets/css/animate.min.css]
[wordpressboss.com/cp/wize-demo/assets/css/slick.min.css]
[wordpressboss.com/cp/wize-demo/assets/css/spacing.css]
[wordpressboss.com/cp/wize-demo/assets/css/style.css]
[wordpressboss.com/cp/wize-demo/assets/css/responsive.css]
[wordpressboss.com/cp/wize-demo/index-2.html]
[wordpressboss.com/cp/wize-demo/assets/images/logos/logo.png]
[wordpressboss.com/cp/wize-demo/about.html]
[wordpressboss.com/cp/wize-demo/projects.html]
[wordpressboss.com/cp/wize-demo/blog.html]
[wordpressboss.com/cp/wize-demo/contact.html]
[wordpressboss.com/cp/wize-demo/assets/images/about/me.jpg]
[wordpressboss.com/cp/wize-demo/assets/images/custom/work-scribble.svg]
[wordpressboss.com/cp/wize-demo/assets/images/projects/work1.jpg]
[wordpressboss.com/cp/wize-demo/single-project.html]
[wordpressboss.com/cp/wize-demo/assets/images/projects/work2.jpg]
[wordpressboss.com/cp/wize-demo/assets/images/projects/work3.jpg]
[wordpressboss.com/cp/wize-demo/assets/images/projects/work4.jpg]
[wordpressboss.com/cp/wize-demo/assets/images/projects/work5.jpg]
[wordpressboss.com/cp/wize-demo/assets/images/client-logos/partner1.png]
[wordpressboss.com/cp/wize-demo/assets/images/client-logos/partner2.png]
[wordpressboss.com/cp/wize-demo/assets/images/client-logos/partner3.png]
[wordpressboss.com/cp/wize-demo/assets/images/client-logos/partner4.png]
[wordpressboss.com/cp/wize-demo/assets/images/client-logos/partner5.png]
[wordpressboss.com/cp/wize-demo/assets/js/jquery-3.6.0.min.js]
[wordpressboss.com/cp/wize-demo/assets/js/bootstrap.min.js]
[wordpressboss.com/cp/wize-demo/assets/js/appear.min.js]
[wordpressboss.com/cp/wize-demo/assets/js/jquery.magnific-popup.min.js]
[wordpressboss.com/cp/wize-demo/assets/js/slick.min.js]
[wordpressboss.com/cp/wize-demo/assets/js/gsap.min.js]
[wordpressboss.com/cp/wize-demo/assets/js/ScrollSmoother.min.js]
[wordpressboss.com/cp/wize-demo/assets/js/ScrollTrigger.min.js]
[wordpressboss.com/cp/wize-demo/assets/js/jquery.nice-select.min.js]
[wordpressboss.com/cp/wize-demo/assets/js/imagesloaded.pkgd.min.js]
[wordpressboss.com/cp/wize-demo/assets/js/isotope.pkgd.min.js]
[wordpressboss.com/cp/wize-demo/assets/js/wow.min.js]
[wordpressboss.com/cp/wize-demo/index.html]
[wordpressboss.com/cp/wize-demo/assets/css/bootstrap.min.css]
[wordpressboss.com/cp/wize-demo/assets/js/script.js]
[wordpressboss.com/cp/wize-demo/assets/fonts/remixicon117c.eot]
[wordpressboss.com/cp/wize-demo/assets/fonts/remixicon117c.woff2]
[wordpressboss.com/cp/wize-demo/assets/fonts/remixicon117c.woff]
[wordpressboss.com/cp/wize-demo/assets/fonts/remixicon117c.ttf]
[wordpressboss.com/cp/wize-demo/assets/fonts/remixicon.css]
[wordpressboss.com/cp/wize-demo/assets/css/magnific-popup.css]
[wordpressboss.com/cp/wize-demo/assets/css/nice-select.min.css]
[wordpressboss.com/cp/wize-demo/assets/css/animate.min.css]
[wordpressboss.com/cp/wize-demo/assets/css/slick.min.css]
[wordpressboss.com/cp/wize-demo/assets/css/spacing.css]
[wordpressboss.com/cp/wize-demo/assets/css/style.css]
[wordpressboss.com/cp/wize-demo/assets/css/responsive.css]
[wordpressboss.com/cp/wize-demo/index-2.html]
[wordpressboss.com/cp/wize-demo/about.html]
[wordpressboss.com/cp/wize-demo/projects.html]
[wordpressboss.com/cp/wize-demo/assets/fonts/remixicon117c.svg]
[wordpressboss.com/cp/wize-demo/single-blog.html]
[wordpressboss.com/cp/wize-demo/assets/images/blog/blog1.jpg]
[wordpressboss.com/cp/wize-demo/assets/images/blog/blog2.jpg]
[wordpressboss.com/cp/wize-demo/assets/images/blog/blog3.jpg]
[wordpressboss.com/cp/wize-demo/blog.html]
[wordpressboss.com/cp/wize-demo/contact.html]
[wordpressboss.com/cp/wize-demo/assets/images/custom/work-scribble.svg]
[wordpressboss.com/cp/wize-demo/assets/images/projects/single-project1.jpg]
[wordpressboss.com/cp/wize-demo/assets/images/projects/single-project2.jpg]
[wordpressboss.com/cp/wize-demo/assets/images/projects/single-project3.jpg]
[wordpressboss.com/cp/wize-demo/assets/images/projects/single-project4.jpg]
[wordpressboss.com/cp/wize-demo/single-project.html]
[wordpressboss.com/cp/wize-demo/assets/js/jquery-3.6.0.min.js]
[wordpressboss.com/cp/wize-demo/assets/js/bootstrap.min.js]
[wordpressboss.com/cp/wize-demo/assets/js/appear.min.js]
[wordpressboss.com/cp/wize-demo/assets/js/jquery.magnific-popup.min.js]
[wordpressboss.com/cp/wize-demo/assets/js/slick.min.js]
[wordpressboss.com/cp/wize-demo/assets/js/gsap.min.js]
[wordpressboss.com/cp/wize-demo/assets/js/ScrollSmoother.min.js]
[wordpressboss.com/cp/wize-demo/assets/js/ScrollTrigger.min.js]
[wordpressboss.com/cp/wize-demo/assets/js/smoother-script.js]
[wordpressboss.com/cp/wize-demo/assets/js/jquery.nice-select.min.js]
[wordpressboss.com/cp/wize-demo/assets/js/imagesloaded.pkgd.min.js]
[wordpressboss.com/cp/wize-demo/assets/js/isotope.pkgd.min.js]
[wordpressboss.com/cp/wize-demo/assets/js/wow.min.js]
[wordpressboss.com/cp/wize-demo/assets/js/script.js]
[wordpressboss.com/cp/wize-demo/assets/fonts/remixicon117c.svg]
[wordpressboss.com/cp/wize-demo/assets/images/blog/author.jpg]
[wordpressboss.com/cp/wize-demo/single-blog.html]
